[2026-07-29T13:13:59.824439737Z] [V-001] STAT_START V-001 (Sensitive data via OSINT)
[2026-07-29T13:15:50.253984917Z] [V-001] STAT_DONE verdict=FAIL
[2026-07-29T13:22:55.142684518Z] [V-001] STAT_START V-001 (Sensitive data via OSINT)
[2026-07-29T13:24:00.965198737Z] [V-001] STAT_DONE verdict=PASS
[2026-07-29T13:24:26.594750815Z] [V-001] STAT_START V-001 (Sensitive data via OSINT)
[2026-07-29T13:26:54.002873760Z] [V-001] STAT_DONE verdict=PASS
[2026-07-29T13:27:38.724219657Z] [V-002] STAT_START V-002 (Sub-domain enumeration)
[2026-07-29T13:28:02.043443987Z] [V-002] STAT_DONE verdict=PASS
[2026-07-29T13:32:16.017735946Z] [V-003] STAT_START V-003 (Open port/unnecessary service)
[2026-07-29T13:32:16.199085441Z] [V-003] FALLBACK manual_review: grep_absent -> MANUAL_REVIEW
[2026-07-29T13:32:16.231831875Z] [V-003] STAT_DONE verdict=MANUAL_REVIEW
[2026-07-29T13:32:24.977993537Z] [V-004] STAT_START V-004 (DNS spoofing)
[2026-07-29T13:32:25.033701280Z] [V-004] STAT_DONE verdict=PASS
[2026-07-29T13:48:46.443182252Z] [V-003] STAT_START V-003 (Open port/unnecessary service)
[2026-07-29T13:49:42.290923455Z] [V-003] FALLBACK manual_review: grep_absent -> MANUAL_REVIEW
[2026-07-29T13:49:42.325746756Z] [V-003] STAT_DONE verdict=MANUAL_REVIEW
[2026-07-29T13:50:54.456514771Z] [V-003] STAT_START V-003 (Open port/unnecessary service)
[2026-07-29T13:51:39.137077137Z] [V-003] FALLBACK manual_review: grep_absent -> MANUAL_REVIEW
[2026-07-29T13:51:39.172309417Z] [V-003] STAT_DONE verdict=MANUAL_REVIEW
[2026-07-29T13:54:08.553525923Z] [V-003] STAT_START V-003 (Open port/unnecessary service)
[2026-07-29T13:54:49.929807652Z] [V-003] FALLBACK manual_review: grep_absent -> MANUAL_REVIEW
[2026-07-29T13:54:49.978603325Z] [V-003] STAT_DONE verdict=MANUAL_REVIEW
[2026-07-29T14:10:24.753179590Z] [V-003] STAT_START V-003 (Open port/unnecessary service)
[2026-07-29T14:11:08.503027476Z] [V-003] FALLBACK manual_review: grep_absent -> MANUAL_REVIEW
[2026-07-29T14:11:08.551436339Z] [V-003] STAT_DONE verdict=MANUAL_REVIEW
[2026-07-29T14:14:54.137987245Z] [V-003] STAT_START V-003 (Open port/unnecessary service)
[2026-07-29T14:19:54.196927908Z] [V-003] STAT_DONE verdict=PASS
[2026-07-29T14:22:25.932387652Z] [V-004] STAT_START V-004 (DNS spoofing)
[2026-07-29T14:22:29.499648648Z] [V-004] STAT_DONE verdict=PASS
[2026-07-29T14:23:11.833105917Z] [V-003] STAT_START V-003 (Open port/unnecessary service)
[2026-07-29T14:24:26.971078573Z] [V-003] FALLBACK manual_review: grep_absent -> MANUAL_REVIEW
[2026-07-29T14:24:27.013981397Z] [V-003] STAT_DONE verdict=MANUAL_REVIEW
[2026-07-29T14:26:49.841468424Z] [V-003] STAT_START V-003 (Open port/unnecessary service)
[2026-07-29T14:29:46.154280937Z] [V-003] FALLBACK manual_review: grep_absent -> MANUAL_REVIEW
[2026-07-29T14:29:46.195880387Z] [V-003] STAT_DONE verdict=MANUAL_REVIEW
[2026-07-29T14:42:26.416328413Z] [V-003] STAT_START V-003 (Open port/unnecessary service)
[2026-07-29T14:45:39.720516966Z] [V-003] FALLBACK manual_review: grep_absent -> MANUAL_REVIEW
[2026-07-29T14:45:39.778757635Z] [V-003] STAT_DONE verdict=MANUAL_REVIEW
[2026-07-29T14:46:31.866986173Z] [V-005] STAT_START V-005 (Banner grabbing/fingerprinting)
[2026-07-29T14:46:43.577926457Z] [V-005] STAT_DONE verdict=PASS
[2026-07-29T14:54:36.932765212Z] [V-005] STAT_START V-005 (Banner grabbing/fingerprinting)
[2026-07-29T14:57:18.419646600Z] [V-005] STAT_DONE verdict=PASS
[2026-07-29T15:00:24.286002227Z] [V-006] STAT_START V-006 (Weak TLS/SSL version)
[2026-07-29T15:02:44.771475084Z] [V-006] FALLBACK manual_review: grep_absent -> MANUAL_REVIEW
[2026-07-29T15:02:44.806763432Z] [V-006] STAT_DONE verdict=MANUAL_REVIEW
[2026-07-29T15:04:39.673230531Z] [V-006] STAT_START V-006 (Weak TLS/SSL version)
[2026-07-29T15:08:23.591319362Z] [V-006] FALLBACK manual_review: grep_absent -> MANUAL_REVIEW
[2026-07-29T15:08:23.635661699Z] [V-006] STAT_DONE verdict=MANUAL_REVIEW
[2026-07-29T15:11:52.486594283Z] [V-007] STAT_START V-007 (Weak cipher suite)
[2026-07-29T15:14:08.802747813Z] [V-007] FALLBACK manual_review: grep_absent -> MANUAL_REVIEW
[2026-07-29T15:14:08.842079625Z] [V-007] STAT_DONE verdict=MANUAL_REVIEW
[2026-07-29T15:16:54.581188413Z] [V-007] STAT_START V-007 (Weak cipher suite)
[2026-07-29T15:18:55.366160148Z] [V-007] FALLBACK manual_review: grep_absent -> MANUAL_REVIEW
[2026-07-29T15:18:55.411785174Z] [V-007] STAT_DONE verdict=MANUAL_REVIEW
[2026-07-29T15:20:09.382443320Z] [V-008] STAT_START V-008 (Expired/self-signed certificate)
[2026-07-29T15:20:11.733362188Z] [V-008] FALLBACK manual_review: grep_absent -> MANUAL_REVIEW
[2026-07-29T15:20:11.777973087Z] [V-008] STAT_DONE verdict=MANUAL_REVIEW
[2026-07-29T15:22:38.657888187Z] [V-008] STAT_START V-008 (Expired/self-signed certificate)
[2026-07-29T15:22:56.059467837Z] [V-008] STAT_DONE verdict=FAIL
[2026-07-29T15:24:00.451374015Z] [V-008] STAT_START V-008 (Expired/self-signed certificate)
[2026-07-29T15:24:03.032226501Z] [V-008] FALLBACK manual_review: grep_absent -> MANUAL_REVIEW
[2026-07-29T15:24:03.072591786Z] [V-008] STAT_DONE verdict=MANUAL_REVIEW
[2026-07-29T15:34:00.308637098Z] [V-010] STAT_START V-010 (Missing HSTS header)
[2026-07-29T15:34:02.785210904Z] [V-010] FALLBACK manual_review: grep_present -> MANUAL_REVIEW
[2026-07-29T15:34:02.831007843Z] [V-010] STAT_DONE verdict=MANUAL_REVIEW
[2026-07-29T15:36:51.407685940Z] [V-010] STAT_START V-010 (Missing HSTS header)
[2026-07-29T15:37:03.730825235Z] [V-010] FALLBACK manual_review: grep_present -> MANUAL_REVIEW
[2026-07-29T15:37:03.773756376Z] [V-010] STAT_DONE verdict=MANUAL_REVIEW
[2026-07-29T15:44:34.992882069Z] [V-012] STAT_START V-012 (Default credentials)
[2026-07-29T15:45:07.395034213Z] [V-012] STAT_DONE verdict=PASS
[2026-07-29T15:50:24.984244855Z] [V-012] STAT_START V-012 (Default credentials)
[2026-07-29T15:51:05.965862925Z] [V-012] STAT_DONE verdict=PASS
[2026-07-29T15:53:57.928860562Z] [V-012] STAT_START V-012 (Default credentials)
[2026-07-29T15:55:36.143564078Z] [V-012] STAT_DONE verdict=PASS
[2026-07-30T13:18:19.277880019Z] [V-009] STAT_START V-009 (Lack of SSL pinning)
[2026-07-30T13:18:50.496946939Z] [V-009] STAT_DONE verdict=FAIL
[2026-07-30T13:23:58.355233752Z] [V-009] STAT_START V-009 (Lack of SSL pinning)
[2026-07-30T13:24:20.237950637Z] [V-009] STAT_DONE verdict=FAIL
[2026-07-30T13:31:07.100147944Z] [V-009] STAT_START V-009 (Lack of SSL pinning)
[2026-07-30T13:31:30.606251061Z] [V-009] STAT_DONE verdict=FAIL
[2026-07-30T13:31:42.305835922Z] [V-011] STAT_START V-011 (MITM exposure)
[2026-07-30T13:31:42.420694122Z] [V-011] STAT_DONE verdict=PASS
[2026-07-30T13:37:43.702857713Z] [V-011] STAT_START V-011 (MITM exposure)
[2026-07-30T13:38:06.256242732Z] [V-011] FALLBACK manual_review: exit_code_zero -> MANUAL_REVIEW
[2026-07-30T13:38:06.302905480Z] [V-011] STAT_DONE verdict=MANUAL_REVIEW
[2026-07-30T13:39:58.321440222Z] [V-011] STAT_START V-011 (MITM exposure)
[2026-07-30T13:40:18.052528103Z] [V-011] FALLBACK manual_review: exit_code_zero -> MANUAL_REVIEW
[2026-07-30T13:40:18.097927337Z] [V-011] STAT_DONE verdict=MANUAL_REVIEW
[2026-07-30T13:42:08.708849923Z] [V-013] STAT_START V-013 (Weak password policy)
[2026-07-30T13:42:08.778573537Z] [V-013] STAT_DONE verdict=PASS
[2026-07-30T13:44:34.813547840Z] [V-013] STAT_START V-013 (Weak password policy)
[2026-07-30T13:44:45.899828478Z] [V-013] STAT_DONE verdict=PASS
[2026-07-30T13:53:15.377502490Z] [V-016] STAT_START V-016 (Credential stuffing exposure)
[2026-07-30T13:53:15.655059642Z] [V-016] STAT_DONE verdict=PASS
[2026-07-30T14:00:08.636462220Z] [V-016] STAT_START V-016 (Credential stuffing exposure)
[2026-07-30T14:01:19.152179866Z] [V-016] STAT_DONE verdict=PASS
[2026-07-30T14:02:44.535530854Z] [V-017] STAT_START V-017 (Insecure password reset flow)
[2026-07-30T14:02:44.560071763Z] [V-017] FALLBACK manual_review: numeric_threshold -> MANUAL_REVIEW
[2026-07-30T14:02:44.609744901Z] [V-017] STAT_DONE verdict=MANUAL_REVIEW
[2026-07-30T14:10:03.126153996Z] [V-017] STAT_START V-017 (Insecure password reset flow)
[2026-07-30T14:10:51.175712298Z] [V-017] STAT_DONE verdict=PASS
[2026-07-30T14:14:38.580068253Z] [V-017] STAT_START V-017 (Insecure password reset flow)
[2026-07-30T14:17:40.691396599Z] [V-017] STAT_DONE verdict=PASS
[2026-07-30T14:20:52.163858908Z] [V-017] STAT_START V-017 (Insecure password reset flow)
[2026-07-30T14:22:22.606800948Z] [V-017] STAT_DONE verdict=PASS
[2026-07-30T14:51:36.855435408Z] [V-018] STAT_START V-018 (Session fixation)
[2026-07-30T14:51:36.929530102Z] [V-018] STAT_DONE verdict=PASS
[2026-07-30T14:54:20.699944027Z] [V-018] STAT_START V-018 (Session fixation)
[2026-07-30T14:54:58.162496939Z] [V-018] STAT_DONE verdict=PASS
[2026-07-30T14:55:42.395743763Z] [V-056] STAT_START V-056 (Insecure session token design)
[2026-07-30T14:55:42.420564461Z] [V-056] FALLBACK manual_review: numeric_threshold -> MANUAL_REVIEW
[2026-07-30T14:55:42.476709753Z] [V-056] STAT_DONE verdict=MANUAL_REVIEW
[2026-07-30T14:59:05.537073954Z] [V-056] STAT_START V-056 (Insecure session token design)
[2026-07-30T14:59:26.567830315Z] [V-056] STAT_DONE verdict=PASS
[2026-07-30T15:01:38.417094665Z] [V-056] STAT_START V-056 (Insecure session token design)
[2026-07-30T15:03:05.887098034Z] [V-056] STAT_DONE verdict=PASS
